---
source: src/sequence/tests.rs
expression: segment_infos
---
[
    SegmentInfo {
        start: 6105700,
        end: 6105760,
        overlap_start: 0,
        overlap_end: 10,
    },
    SegmentInfo {
        start: 6105740,
        end: 6105810,
        overlap_start: 10,
        overlap_end: 10,
    },
    SegmentInfo {
        start: 6105790,
        end: 6105850,
        overlap_start: 10,
        overlap_end: 0,
    },
]
