---
source: src/metrics/ml/features.rs
expression: report
---
cpg (55 features)
   0  alt_ad_adj
   1  alt_score_adj
   2  ref_A
   3  ref_C
   4  ref_G
   5  ref_T
   6  alt_A
   7  alt_C
   8  alt_G
   9  alt_T
  10  pos_mapq
  11  pos_mapq0
  12  ctx_before_2_A
  13  ctx_before_2_C
  14  ctx_before_2_G
  15  ctx_before_2_T
  16  ctx_before_1_A
  17  ctx_before_1_C
  18  ctx_before_1_G
  19  ctx_before_1_T
  20  ctx_after_1_A
  21  ctx_after_1_C
  22  ctx_after_1_G
  23  ctx_after_1_T
  24  ctx_after_2_A
  25  ctx_after_2_C
  26  ctx_after_2_G
  27  ctx_after_2_T
  28  region_entropy
  29  depth_ratio_ref
  30  depth_ratio_alt
  31  depth_ratio_ref_ot
  32  depth_ratio_ref_ob
  33  depth_ratio_alt_ot
  34  depth_ratio_alt_ob
  35  alt_score
  36  baseq_ref
  37  baseq_alt
  38  baseq_ref_ot
  39  baseq_ref_ob
  40  baseq_alt_ot
  41  baseq_alt_ob
  42  mapq_ref_ot
  43  mapq_ref_ob
  44  mapq_alt_ot
  45  mapq_alt_ob
  46  mapq_ref
  47  mapq_alt
  48  pos_in_read_ref
  49  pos_in_read_alt
  50  num_aligned_ref
  51  num_aligned_alt
  52  num_indels_ref
  53  num_indels_alt
  54  beta_ratio

denovo_cpg (56 features)
   0  alt_ad_adj
   1  alt_score_adj
   2  sb_adj
   3  ref_A
   4  ref_C
   5  ref_G
   6  ref_T
   7  alt_A
   8  alt_C
   9  alt_G
  10  alt_T
  11  pos_mapq
  12  pos_mapq0
  13  ctx_before_2_A
  14  ctx_before_2_C
  15  ctx_before_2_G
  16  ctx_before_2_T
  17  ctx_before_1_A
  18  ctx_before_1_C
  19  ctx_before_1_G
  20  ctx_before_1_T
  21  ctx_after_1_A
  22  ctx_after_1_C
  23  ctx_after_1_G
  24  ctx_after_1_T
  25  ctx_after_2_A
  26  ctx_after_2_C
  27  ctx_after_2_G
  28  ctx_after_2_T
  29  region_entropy
  30  depth_ratio_ref
  31  depth_ratio_alt
  32  depth_ratio_ref_ot
  33  depth_ratio_ref_ob
  34  depth_ratio_alt_ot
  35  depth_ratio_alt_ob
  36  alt_score
  37  baseq_ref
  38  baseq_alt
  39  baseq_ref_ot
  40  baseq_ref_ob
  41  baseq_alt_ot
  42  baseq_alt_ob
  43  mapq_ref_ot
  44  mapq_ref_ob
  45  mapq_alt_ot
  46  mapq_alt_ob
  47  mapq_ref
  48  mapq_alt
  49  pos_in_read_ref
  50  pos_in_read_alt
  51  num_aligned_ref
  52  num_aligned_alt
  53  num_indels_ref
  54  num_indels_alt
  55  beta_ratio

others (54 features)
   0  ref_A
   1  ref_C
   2  ref_G
   3  ref_T
   4  alt_A
   5  alt_C
   6  alt_G
   7  alt_T
   8  pos_mapq
   9  pos_mapq0
  10  ctx_before_2_A
  11  ctx_before_2_C
  12  ctx_before_2_G
  13  ctx_before_2_T
  14  ctx_before_1_A
  15  ctx_before_1_C
  16  ctx_before_1_G
  17  ctx_before_1_T
  18  ctx_after_1_A
  19  ctx_after_1_C
  20  ctx_after_1_G
  21  ctx_after_1_T
  22  ctx_after_2_A
  23  ctx_after_2_C
  24  ctx_after_2_G
  25  ctx_after_2_T
  26  region_entropy
  27  depth_ratio_ref
  28  depth_ratio_alt
  29  depth_ratio_ref_ot
  30  depth_ratio_ref_ob
  31  depth_ratio_alt_ot
  32  depth_ratio_alt_ob
  33  sb_alt
  34  sb_ref
  35  alt_score
  36  baseq_ref
  37  baseq_alt
  38  baseq_ref_ot
  39  baseq_ref_ob
  40  baseq_alt_ot
  41  baseq_alt_ob
  42  mapq_ref_ot
  43  mapq_ref_ob
  44  mapq_alt_ot
  45  mapq_alt_ob
  46  mapq_ref
  47  mapq_alt
  48  pos_in_read_ref
  49  pos_in_read_alt
  50  num_aligned_ref
  51  num_aligned_alt
  52  num_indels_ref
  53  num_indels_alt

insertion (23 features)
   0  indel_len
   1  indel_complexity
   2  indel_dominance
   3  mapq_rms
   4  relative_mapq
   5  baseq_rms
   6  edge_dist_rms
   7  allele_fraction
   8  strand_bias
   9  indel_in_repeat
  10  repeat_tract_length
  11  homopolymer_run
  12  soft_clip_rate
  13  dinucleotide_run
  14  repeat_fraction
  15  strand_bias_log_p
  16  log_depth
  17  log_alt_count
  18  read_indel_burden
  19  read_match_fraction
  20  noisy_fraction
  21  insertion_baseq_rms
  22  relative_insertion_baseq

deletion (23 features)
   0  indel_len
   1  indel_complexity
   2  indel_dominance
   3  mapq_rms
   4  relative_mapq
   5  baseq_rms
   6  edge_dist_rms
   7  allele_fraction
   8  strand_bias
   9  indel_in_repeat
  10  repeat_tract_length
  11  homopolymer_run
  12  soft_clip_rate
  13  dinucleotide_run
  14  repeat_fraction
  15  strand_bias_log_p
  16  log_depth
  17  log_alt_count
  18  read_indel_burden
  19  read_match_fraction
  20  noisy_fraction
  21  post_del_baseq_rms
  22  relative_post_del_baseq
