---
source: src/metrics/ml/features.rs
expression: report
---
cpg (55 features)
   0  ref_A
   1  ref_C
   2  ref_G
   3  ref_T
   4  alt_A
   5  alt_C
   6  alt_G
   7  alt_T
   8  pos_mapq
   9  pos_mapq0
  10  ctx_before_2_A
  11  ctx_before_2_C
  12  ctx_before_2_G
  13  ctx_before_2_T
  14  ctx_before_1_A
  15  ctx_before_1_C
  16  ctx_before_1_G
  17  ctx_before_1_T
  18  ctx_after_1_A
  19  ctx_after_1_C
  20  ctx_after_1_G
  21  ctx_after_1_T
  22  ctx_after_2_A
  23  ctx_after_2_C
  24  ctx_after_2_G
  25  ctx_after_2_T
  26  region_entropy
  27  depth_ratio_ref
  28  depth_ratio_alt
  29  depth_ratio_ref_ot
  30  depth_ratio_ref_ob
  31  depth_ratio_alt_ot
  32  depth_ratio_alt_ob
  33  baseq_ref
  34  baseq_alt
  35  baseq_ref_ot
  36  baseq_ref_ob
  37  baseq_alt_ot
  38  baseq_alt_ob
  39  mapq_ref_ot
  40  mapq_ref_ob
  41  mapq_alt_ot
  42  mapq_alt_ob
  43  mapq_ref
  44  mapq_alt
  45  pos_in_read_ref
  46  pos_in_read_alt
  47  num_aligned_ref
  48  num_aligned_alt
  49  num_indels_ref
  50  num_indels_alt
  51  alt_score
  52  alt_ad_adj
  53  alt_score_adj
  54  beta_ratio

denovo_cpg (56 features)
   0  ref_A
   1  ref_C
   2  ref_G
   3  ref_T
   4  alt_A
   5  alt_C
   6  alt_G
   7  alt_T
   8  pos_mapq
   9  pos_mapq0
  10  ctx_before_2_A
  11  ctx_before_2_C
  12  ctx_before_2_G
  13  ctx_before_2_T
  14  ctx_before_1_A
  15  ctx_before_1_C
  16  ctx_before_1_G
  17  ctx_before_1_T
  18  ctx_after_1_A
  19  ctx_after_1_C
  20  ctx_after_1_G
  21  ctx_after_1_T
  22  ctx_after_2_A
  23  ctx_after_2_C
  24  ctx_after_2_G
  25  ctx_after_2_T
  26  region_entropy
  27  depth_ratio_ref
  28  depth_ratio_alt
  29  depth_ratio_ref_ot
  30  depth_ratio_ref_ob
  31  depth_ratio_alt_ot
  32  depth_ratio_alt_ob
  33  baseq_ref
  34  baseq_alt
  35  baseq_ref_ot
  36  baseq_ref_ob
  37  baseq_alt_ot
  38  baseq_alt_ob
  39  mapq_ref_ot
  40  mapq_ref_ob
  41  mapq_alt_ot
  42  mapq_alt_ob
  43  mapq_ref
  44  mapq_alt
  45  pos_in_read_ref
  46  pos_in_read_alt
  47  num_aligned_ref
  48  num_aligned_alt
  49  num_indels_ref
  50  num_indels_alt
  51  alt_score
  52  alt_ad_adj
  53  alt_score_adj
  54  sb_adj
  55  beta_ratio

others (54 features)
   0  ref_A
   1  ref_C
   2  ref_G
   3  ref_T
   4  alt_A
   5  alt_C
   6  alt_G
   7  alt_T
   8  pos_mapq
   9  pos_mapq0
  10  ctx_before_2_A
  11  ctx_before_2_C
  12  ctx_before_2_G
  13  ctx_before_2_T
  14  ctx_before_1_A
  15  ctx_before_1_C
  16  ctx_before_1_G
  17  ctx_before_1_T
  18  ctx_after_1_A
  19  ctx_after_1_C
  20  ctx_after_1_G
  21  ctx_after_1_T
  22  ctx_after_2_A
  23  ctx_after_2_C
  24  ctx_after_2_G
  25  ctx_after_2_T
  26  region_entropy
  27  depth_ratio_ref
  28  depth_ratio_alt
  29  depth_ratio_ref_ot
  30  depth_ratio_ref_ob
  31  depth_ratio_alt_ot
  32  depth_ratio_alt_ob
  33  baseq_ref
  34  baseq_alt
  35  baseq_ref_ot
  36  baseq_ref_ob
  37  baseq_alt_ot
  38  baseq_alt_ob
  39  mapq_ref_ot
  40  mapq_ref_ob
  41  mapq_alt_ot
  42  mapq_alt_ob
  43  mapq_ref
  44  mapq_alt
  45  pos_in_read_ref
  46  pos_in_read_alt
  47  num_aligned_ref
  48  num_aligned_alt
  49  num_indels_ref
  50  num_indels_alt
  51  sb_alt
  52  sb_ref
  53  alt_score

insertion (34 features)
   0  indel_len
   1  indel_complexity
   2  indel_base_A
   3  indel_base_C
   4  indel_base_G
   5  indel_base_T
   6  indel_dominance
   7  mapq_rms
   8  mapq0_rate
   9  baseq_rms
  10  edge_dist_rms
  11  depth
  12  strand_bias
  13  indel_ctx_before_2_A
  14  indel_ctx_before_2_C
  15  indel_ctx_before_2_G
  16  indel_ctx_before_2_T
  17  indel_ctx_before_1_A
  18  indel_ctx_before_1_C
  19  indel_ctx_before_1_G
  20  indel_ctx_before_1_T
  21  indel_ctx_after_1_A
  22  indel_ctx_after_1_C
  23  indel_ctx_after_1_G
  24  indel_ctx_after_1_T
  25  indel_ctx_after_2_A
  26  indel_ctx_after_2_C
  27  indel_ctx_after_2_G
  28  indel_ctx_after_2_T
  29  homopolymer_run
  30  soft_clip_rate
  31  dinucleotide_run
  32  repeat_fraction
  33  insertion_baseq_rms

deletion (38 features)
   0  indel_len
   1  indel_complexity
   2  indel_base_A
   3  indel_base_C
   4  indel_base_G
   5  indel_base_T
   6  indel_dominance
   7  mapq_rms
   8  mapq0_rate
   9  baseq_rms
  10  edge_dist_rms
  11  depth
  12  strand_bias
  13  indel_ctx_before_2_A
  14  indel_ctx_before_2_C
  15  indel_ctx_before_2_G
  16  indel_ctx_before_2_T
  17  indel_ctx_before_1_A
  18  indel_ctx_before_1_C
  19  indel_ctx_before_1_G
  20  indel_ctx_before_1_T
  21  indel_ctx_after_1_A
  22  indel_ctx_after_1_C
  23  indel_ctx_after_1_G
  24  indel_ctx_after_1_T
  25  indel_ctx_after_2_A
  26  indel_ctx_after_2_C
  27  indel_ctx_after_2_G
  28  indel_ctx_after_2_T
  29  homopolymer_run
  30  soft_clip_rate
  31  dinucleotide_run
  32  repeat_fraction
  33  del_ref_A
  34  del_ref_C
  35  del_ref_G
  36  del_ref_T
  37  post_del_baseq_rms
