---
source: tests/call_cli.rs
expression: result
---
##fileformat=VCFv4.2
##FILTER=<ID=PASS,Description="All filters passed">
##INFO=<ID=AD,Number=R,Type=Integer,Description="Total read depth for each allele">
##INFO=<ID=BQ,Number=1,Type=Float,Description="RMS base quality">
##INFO=<ID=DP,Number=1,Type=Integer,Description="Combined depth across samples">
##INFO=<ID=MQ,Number=1,Type=Float,Description="RMS mapping quality">
##INFO=<ID=MQ0,Number=1,Type=Integer,Description="Number of MAPQ == 0 reads">
##INFO=<ID=NS,Number=1,Type=Integer,Description="Number of samples with data">
##INFO=<ID=SB,Number=4,Type=Integer,Description="Strand bias: counts of [reads_ref_fwd, reads_ref_rev, reads_alt_fwd, reads_alt_rev]">
##INFO=<ID=SC5,Number=1,Type=String,Description="5-base sequence context centered on the variant position">
##INFO=<ID=AF,Number=A,Type=Float,Description="Allele frequency for each ALT allele in the same order as listed (estimated from primary data, not called genotypes)">
##INFO=<ID=ABQ,Number=R,Type=Float,Description="RMS Base quality per allele">
##INFO=<ID=AMQ,Number=R,Type=Float,Description="RMS Map quality per allele">
##FORMAT=<ID=DP,Number=1,Type=Integer,Description="Read depth">
##contig=<ID=chr19,length=0>
#CHROM	POS	ID	REF	ALT	QUAL	FILTER	INFO	FORMAT	sample
chr19	6105712	.	C	T	30	PASS	AD=10,8;BQ=35.5778;DP=18;MQ=60;MQ0=0;NS=1;SB=4,6,3,5;SC5=AACGT;AF=0.444444;ABQ=35.5246,35.6202;AMQ=60,60	DP	18
chr19	6105713	.	G	A	30	PASS	AD=14,4;BQ=34.7083;DP=18;MQ=60;MQ0=0;NS=1;SB=6,8,1,3;SC5=ACGTC;AF=0.222222;ABQ=34.3303,36;AMQ=60,60	DP	18
chr19	6105718	.	C	T	30	PASS	AD=17,1;BQ=32.6701;DP=18;MQ=60;MQ0=0;NS=1;SB=5,12,1,0;SC5=ACCAC;AF=0.0555556;ABQ=32.4636,36;AMQ=60,60	DP	18
chr19	6105743	.	C	A	30	PASS	AD=16,1;BQ=32.7091;DP=17;MQ=60;MQ0=0;NS=1;SB=8,8,1,0;SC5=AACCG;AF=0.0588235;ABQ=33.5336,14;AMQ=60,60	DP	17
chr19	6105744	.	C	T	30	PASS	AD=8,8;BQ=35.7631;DP=16;MQ=60;MQ0=0;NS=1;SB=6,2,3,5;SC5=ACCGG;AF=0.5;ABQ=36,35.5246;AMQ=60,60	DP	16
chr19	6105745	.	G	A	30	PASS	AD=13,3;BQ=34.0367;DP=16;MQ=60;MQ0=0;NS=1;SB=6,7,3,0;SC5=CCGGC;AF=0.1875;ABQ=34.805,30.485;AMQ=60,60	DP	16
chr19	6105748	.	A	T	30	PASS	AD=15,1;BQ=30.5819;DP=16;MQ=60;MQ0=0;NS=1;SB=8,7,1,0;SC5=GCACC;AF=0.0625;ABQ=31.3773,14;AMQ=60,60	DP	16
chr19	6105774	.	G	T	30	PASS	AD=19,1;BQ=33.8408;DP=20;MQ=60;MQ0=0;NS=1;SB=13,6,0,1;SC5=CAGGA;AF=0.05;ABQ=34.5711,14;AMQ=60,60	DP	20
chr19	6105787	.	G	A	30	PASS	AD=22,1;BQ=35.67;DP=23;MQ=60;MQ0=0;NS=1;SB=14,8,1,0;SC5=CTGTT;AF=0.0434783;ABQ=35.6549,36;AMQ=60,60	DP	23
