---
source: tests/convert_cli.rs
info:
  program: bash
  args:
    - "-c"
    - "cargo run -q -- call --fasta-file=tests/data/test.fasta.gz tests/data/test.bam --region=chr19:6105000-6105800 --no-ml --vcf | head -n1000 | cargo run -q -- convert -f bcf -F bed | head -n5"
  env:
    NO_COLOR: "1"
---
success: true
exit_code: 0
----- stdout -----
#chr	start	end	name	beta_est	strand	unmod	mod	no_snp	snp	coverage	genotype	gt_p_score	gt_conf_score	cpg
chr19	6105084	6105085	.	0.78	+	4	14	19	0	37	C/C	99	57	REF
chr19	6105085	6105086	.	0.79	-	4	15	18	0	37	G/G	99	54	REF
chr19	6105358	6105359	.	0.76	+	4	13	12	0	29	C/C	99	36	REF
chr19	6105359	6105360	.	0.67	-	4	8	17	0	29	G/G	99	51	REF

----- stderr -----
[TIME] INFO rastair::call::writer: Wrote VCF output file="-"
[TIME] INFO rastair: Call finished [DURATION]
[TIME] INFO rastair: Convert finished [DURATION]
