---
source: tests/error_messages.rs
expression: result.stderr()
---
error: invalid value 'INVALID_FIELD' for '--vcf-info-fields <VCF_INFO_FIELDS>'
  [possible values: AD, BQ, DP, MQ, MQ0, NS, AS_SB, SC5, AF, ABQ, AMQ, AS_SS_BQ, AS_SS_MQ, PIR, ENT100, NAB, NOI, M5mC_Strands, CPG, CPGnovo]

  tip: a similar value exists: 'AD'

For more information, try '--help'.
